// Jest Snapshot v1, https://goo.gl/fbAQLP

exports[`<App /> matches verified SnapShot should match snapshot 1`] = `
<div
  className="App"
>
  <div
    style={
      Object {
        "fontFamily": "Titillium Web",
        "height": "100%",
        "width": "100%",
      }
    }
  >
    <div
      className="makeStyles-headerContainer-345"
    >
      <div
        className="makeStyles-headerLeft-346"
      >
        <div
          className="makeStyles-headerLogoContainer-347"
        >
          <a
            className="MuiTypography-root MuiLink-root MuiLink-underlineHover makeStyles-headerLogoLink-348 MuiTypography-colorPrimary"
            href="/"
            onBlur={[Function]}
            onFocus={[Function]}
          >
            <img
              className="makeStyles-headerLogo-349"
              src="logo.svg"
            />
            <p>
              Cryptolytic
            </p>
          </a>
        </div>
      </div>
      <div
        className="makeStyles-headerRightContainer-350"
      >
        <div
          className="makeStyles-headerMenuContainer-351"
        >
          <a
            className="MuiTypography-root MuiLink-root MuiLink-underlineHover makeStyles-headerMenuLink-352 MuiTypography-colorPrimary"
            href="/services"
            onBlur={[Function]}
            onFocus={[Function]}
          >
            Services
          </a>
          <a
            className="MuiTypography-root MuiLink-root MuiLink-underlineHover makeStyles-headerMenuLink-352 MuiTypography-colorPrimary"
            href="/team"
            onBlur={[Function]}
            onFocus={[Function]}
          >
            Team
          </a>
          <a
            className="MuiTypography-root MuiLink-root MuiLink-underlineHover makeStyles-headerMenuLink-352 MuiTypography-colorPrimary"
            href="/login"
            onBlur={[Function]}
            onFocus={[Function]}
          >
            Login
          </a>
          <a
            className="MuiTypography-root MuiLink-root MuiLink-underlineHover makeStyles-headerMenuLink-352 MuiTypography-colorPrimary"
            href="/signup"
            onBlur={[Function]}
            onFocus={[Function]}
          >
            Sign Up
          </a>
        </div>
      </div>
    </div>
    <div
      className="makeStyles-heroContainer-390"
    >
      <div
        className="makeStyles-heroText-391"
      >
        <h1
          className="makeStyles-heroTitle-392"
        >
          Smarter trading
        </h1>
        <h2>
          Discover arbitrage opportunities in the cryptocurrency markets before they happen and make profitable trades
        </h2>
        <a
          className="MuiTypography-root MuiLink-root MuiLink-underlineHover makeStyles-heroLink-393 MuiTypography-colorPrimary"
          href="/main/home"
          onBlur={[Function]}
          onFocus={[Function]}
        >
          Get Started
        </a>
      </div>
      <div
        className="makeStyles-heroSpace-394"
      />
    </div>
    <div
      className="makeStyles-homeFeatureContainer-395"
    >
      <div
        style={
          Object {
            "paddingTop": "30vh",
          }
        }
      >
        <div
          className="makeStyles-homeFeatureRow-396"
          style={
            Object {
              "flexDirection": "row",
            }
          }
        >
          <div
            className="makeStyles-homeFeatureRowImage-397"
            style={
              Object {
                "justifyContent": "flex-end",
              }
            }
          >
            <img
              src="artboard_1 (1) 2.png"
            />
          </div>
          <div
            className="makeStyles-homeFeatureRowText-398"
            style={
              Object {
                "justifyContent": "flex-start",
                "textAlign": "left",
              }
            }
          >
            <div>
              <h2
                className="makeStyles-homeFeatureRowTitle-399"
              >
                Arbitrage Forecasts
              </h2>
              <p>
                Finding opportunities to profit in exciting cryptocurrency markets doesn’t have to be difficult. Introducing Cryptolytic’s Arbitrage trading strategy, which provides users with in-advance, lower risk, profitable trade suggestions.
              </p>
            </div>
          </div>
        </div>
        <div
          className="makeStyles-homeFeatureRow-396"
          style={
            Object {
              "flexDirection": "row-reverse",
            }
          }
        >
          <div
            className="makeStyles-homeFeatureRowImage-397"
            style={
              Object {
                "justifyContent": "flex-start",
              }
            }
          >
            <img
              src="arb graphic.png"
            />
          </div>
          <div
            className="makeStyles-homeFeatureRowText-398"
            style={
              Object {
                "justifyContent": "flex-end",
                "textAlign": "right",
              }
            }
          >
            <div>
              <h2
                className="makeStyles-homeFeatureRowTitle-399"
              >
                What is arbitrage?
              </h2>
              <p>
                Arbitrage is the practice of taking advantage of price discrepancies in different markets. When an arbitrage opportunity exists, you could purchase an item from the lower priced market, and sell in the higher priced market simultaneously to make a profit.  Arbitrage commonly occurs in financial markets and is a completely legal trading strategy for cryptocurrencies.
              </p>
            </div>
          </div>
        </div>
        <div
          className="makeStyles-homeFeatureRow-396"
          style={
            Object {
              "flexDirection": "row",
            }
          }
        >
          <div
            className="makeStyles-homeFeatureRowImage-397"
            style={
              Object {
                "justifyContent": "flex-end",
              }
            }
          >
            <img
              src="Crypto_compute (1) 1.png"
            />
          </div>
          <div
            className="makeStyles-homeFeatureRowText-398"
            style={
              Object {
                "justifyContent": "flex-start",
                "textAlign": "left",
              }
            }
          >
            <div>
              <h2
                className="makeStyles-homeFeatureRowTitle-399"
              >
                Trade Recommendations
              </h2>
              <p>
                Cryptolytic’s Trade Recommender provides users with advance insights into market movements based off of millions of data points and an assortment of technical indicators. Take more control of your investments today by incorporating Cryptolytic’s machine learning algorithms into your strategy.
              </p>
            </div>
          </div>
        </div>
      </div>
      <div
        className="makeStyles-homeFeatureLastRow-400"
      >
        <div
          className="makeStyles-homeFeatureLastRowText-401"
        >
          <div>
            <h2
              className="makeStyles-homeFeatureLastRowTitle-402"
            >
              Automate your trading process
            </h2>
            <p
              className="makeStyles-homeFeatureLastRowSubtitle-403"
            >
              The cryptocurrency market doesn’t sleep and neither should your money! Connect the Cryptolytic API to a trading bot and act on trading and arbitrage opportunities automatically 24/7!
            </p>
          </div>
        </div>
        <div
          className="makeStyles-homeFeatureLastRowImage-404"
        >
          <img
            src="cryptocurrency-hero 1.png"
          />
        </div>
      </div>
    </div>
    <div
      className="makeStyles-accountFeaturesContainer-405"
    >
      <h2>
        Account Features
      </h2>
      <div
        className="makeStyles-accountFeaturesRow-406"
      >
        <div
          className="makeStyles-accountFeaturesCard-407"
        >
          <div
            className="makeStyles-accountFeaturesText-408"
          >
            <h3
              style={
                Object {
                  "color": "#4EB9FF",
                }
              }
            >
              Arbitrage Dashboard
            </h3>
            <p>
              User friendly display for tracking arbitrage trading opportunities across exchanges
            </p>
          </div>
        </div>
        <div
          className="makeStyles-accountFeaturesCard-407"
        >
          <div
            className="makeStyles-accountFeaturesText-408"
          >
            <h3
              style={
                Object {
                  "color": "#4FC9E5",
                }
              }
            >
              Trade Recommender Dashboard
            </h3>
            <p>
              Simple display to view predictions on market movement
            </p>
          </div>
        </div>
        <div
          className="makeStyles-accountFeaturesCard-407"
        >
          <div
            className="makeStyles-accountFeaturesText-408"
          >
            <h3
              style={
                Object {
                  "color": "#57D5C7",
                }
              }
            >
              API Access
            </h3>
            <p>
              Arbitrage and trading APIs for up-to-date predictions in the market
            </p>
          </div>
        </div>
        <div
          className="makeStyles-accountFeaturesCard-407"
        >
          <div
            className="makeStyles-accountFeaturesText-408"
          >
            <h3
              style={
                Object {
                  "color": "#63E4A7",
                }
              }
            >
              Open Source Dataset
            </h3>
            <p>
              Access to current datasets for all supported exchanges
            </p>
          </div>
        </div>
      </div>
    </div>
    <div
      className="makeStyles-statsContainer-409"
    >
      <div
        className="makeStyles-statsTitle-410"
      >
        <h2>
          Powered by Machine Learning
        </h2>
      </div>
      <div
        className="makeStyles-statsTitleBackground-411"
      />
      <div
        className="makeStyles-statsRowContainer-412"
      >
        <div
          className="makeStyles-statsLeftContainer-413"
        >
          <div
            className="makeStyles-statsLeftText-414"
          >
            <h3>
              18M+
            </h3>
            <p
              className="makeStyles-statsLeftSubtitle-415"
            >
              Data points analyzed
            </p>
          </div>
        </div>
        <div
          className="makeStyles-statsMiddleContainer-416"
        >
          <div>
            <h3>
              30
            </h3>
            <p
              className="makeStyles-statsMiddleSubtitle-417"
            >
              predictive models
            </p>
          </div>
        </div>
        <div
          className="makeStyles-statsRightContainer-418"
        >
          <div
            className="makeStyles-statsRightText-419"
          >
            <p
              className="makeStyles-statsRightTitle-420"
            >
              trained on
            </p>
            <h3>
              20K+
            </h3>
            <p
              className="makeStyles-statsRightSubtitle-421"
            >
              historical arbitrages
            </p>
          </div>
        </div>
      </div>
    </div>
    <div
      className="makeStyles-partnersContainer-422"
    >
      <h2
        className="makeStyles-partnersTitle-423"
      >
        Supported Exchanges
      </h2>
      <div
        className="makeStyles-partnersTopRow-424"
      >
        <img
          src="bitfinex_logo 1.svg"
        />
        <img
          src="coinbase_logo.svg"
        />
        <img
          src="hitbtc_logo.svg"
        />
        <img
          src="kraken_logo.svg"
        />
        <img
          src="gemini_logo.svg"
        />
      </div>
      <div
        className="makeStyles-partnersBottomRow-425"
      >
        <img
          src="btc logo.png"
        />
        <img
          src="ltc logo.png"
        />
        <img
          src="dash logo.png"
        />
        <img
          src="eos logo.png"
        />
        <img
          src="ripple logo.png"
        />
      </div>
    </div>
    <div
      className="makeStyles-ctaContainer-426"
    >
      <h2
        className="makeStyles-ctaTitle-427"
      >
        Supercharge your trading with Cryptolytic
      </h2>
      <a
        className="MuiTypography-root MuiLink-root MuiLink-underlineHover makeStyles-ctaButton-428 MuiTypography-colorPrimary"
        href="/signup"
        onBlur={[Function]}
        onFocus={[Function]}
      >
        Sign Up for a free account
      </a>
      <p
        className="makeStyles-ctaDisclaimer-429"
      >
        Cryptolytic does not offer financial advice. Trade at your own risk.
      </p>
    </div>
  </div>
</div>
`;
