// Jest Snapshot v1, https://goo.gl/fbAQLP

exports[`<NavigationBar /> matches verified SnapShot should match snapshot 1`] = `
<div
  className="makeStyles-NavBar-121"
>
  <div>
    <div
      className="makeStyles-NavBarLogo-122"
    >
      <a
        className="MuiTypography-root MuiLink-root MuiLink-underlineHover MuiTypography-colorPrimary"
        href="/"
        onBlur={[Function]}
        onFocus={[Function]}
      >
        <img
          src="logo.svg"
        />
      </a>
    </div>
    <div
      className="makeStyles-NavBarMenu-123"
    >
      <div
        style={
          Object {
            "all": "inherit",
          }
        }
      >
        <a
          aria-current={null}
          className="makeStyles-navBarMenuText-124"
          href="/home"
          onClick={[Function]}
        >
          <div
            className="makeStyles-navBarMenuButton-128"
          >
            <img
              className="makeStyles-navBarMenuIcon-129"
              src="home-logo.svg"
            />
            Home
          </div>
        </a>
      </div>
      <div
        style={
          Object {
            "all": "inherit",
          }
        }
      >
        <a
          aria-current={null}
          className="makeStyles-navBarMenuText-124"
          href="/arbitrage-dashboard"
          onClick={[Function]}
        >
          <div
            className="makeStyles-navBarMenuButton-128"
          >
            <img
              className="makeStyles-navBarMenuIcon-129"
              src="arbitrage-logo.svg"
            />
            Arbitrage
          </div>
        </a>
      </div>
      <div
        style={
          Object {
            "all": "inherit",
          }
        }
      >
        <a
          aria-current={null}
          className="makeStyles-navBarMenuText-124"
          href="/trading-dashboard"
          onClick={[Function]}
        >
          <div
            className="makeStyles-navBarMenuButton-128"
          >
            <img
              className="makeStyles-navBarMenuIcon-129"
              src="line-chart-logo.svg"
            />
            Trading
          </div>
        </a>
      </div>
      <div
        style={
          Object {
            "all": "inherit",
          }
        }
      >
        <a
          aria-current={null}
          className="makeStyles-navBarMenuText-124"
          href="/exchange-charts"
          onClick={[Function]}
        >
          <div
            className="makeStyles-navBarMenuButton-128"
          >
            <img
              className="makeStyles-navBarMenuIcon-129"
              src="candlestick-icon2.png"
            />
            Charts
          </div>
        </a>
      </div>
      <div
        onClick={[Function]}
        style={
          Object {
            "all": "inherit",
          }
        }
      >
        <a
          aria-current={null}
          className="makeStyles-navBarMenuTextDisabled-125"
          href="/api"
          onClick={[Function]}
        >
          <div
            className="makeStyles-navBarMenuButton-128"
          >
            <img
              className="makeStyles-navBarMenuIcon-129"
              src="cloud-upload-logo.svg"
              style={
                Object {
                  "margin": "0px 10px",
                  "marginLeft": 50,
                }
              }
            />
            API
          </div>
        </a>
      </div>
      <div
        onClick={[Function]}
        style={
          Object {
            "all": "inherit",
          }
        }
      >
        <a
          aria-current={null}
          className="makeStyles-navBarMenuTextDisabled-125"
          href="/data"
          onClick={[Function]}
        >
          <div
            className="makeStyles-navBarMenuButton-128"
          >
            <img
              className="makeStyles-navBarMenuIcon-129"
              src="data-logo.svg"
              style={
                Object {
                  "margin": "0px 10px",
                  "marginLeft": 50,
                }
              }
            />
            Data
          </div>
        </a>
      </div>
    </div>
  </div>
</div>
`;
