// Jest Snapshot v1, https://goo.gl/fbAQLP

exports[`<NavigationBar /> matches verified SnapShot should match snapshot 1`] = `
<div
  className="makeStyles-NavBar-15"
>
  <div>
    <div
      className="makeStyles-NavBarLogo-16"
    >
      <img
        src="logo.svg"
      />
    </div>
    <div
      className="makeStyles-NavBarMenu-17"
    >
      <a
        aria-current={null}
        className="makeStyles-navBarMenuText-18"
        href="/home"
        onClick={[Function]}
      >
        <div
          className="makeStyles-navBarMenuTextCursor-20"
        >
          <div
            className="makeStyles-navBarMenuButton-21"
          >
            <img
              src="home-logo.svg"
              style={
                Object {
                  "margin": "0px 10px",
                  "marginLeft": 50,
                }
              }
            />
            Home
          </div>
        </div>
      </a>
      <a
        aria-current={null}
        className="makeStyles-navBarMenuText-18"
        href="/arbitrage-dashboard"
        onClick={[Function]}
      >
        <div
          className="makeStyles-navBarMenuTextCursor-20"
        >
          <div
            className="makeStyles-navBarMenuButton-21"
          >
            <img
              src="arbitrage-logo.svg"
              style={
                Object {
                  "margin": "0px 10px",
                  "marginLeft": 50,
                }
              }
            />
            Arbitrage
          </div>
        </div>
      </a>
      <a
        aria-current={null}
        className="makeStyles-navBarMenuText-18"
        href="/trading-dashboard"
        onClick={[Function]}
      >
        <div
          className="makeStyles-navBarMenuTextCursor-20"
        >
          <div
            className="makeStyles-navBarMenuButton-21"
          >
            <img
              src="line-chart-logo.svg"
              style={
                Object {
                  "margin": "0px 10px",
                  "marginLeft": 50,
                }
              }
            />
            Trading
          </div>
        </div>
      </a>
      <a
        aria-current={null}
        className="makeStyles-navBarMenuText-18"
        href="/api"
        onClick={[Function]}
      >
        <div
          className="makeStyles-navBarMenuTextCursor-20"
        >
          <div
            className="makeStyles-navBarMenuButton-21"
          >
            <img
              src="cloud-upload-logo.svg"
              style={
                Object {
                  "margin": "0px 10px",
                  "marginLeft": 50,
                }
              }
            />
            API
          </div>
        </div>
      </a>
      <a
        aria-current={null}
        className="makeStyles-navBarMenuText-18"
        href="/data"
        onClick={[Function]}
      >
        <div
          className="makeStyles-navBarMenuTextCursor-20"
        >
          <div
            className="makeStyles-navBarMenuButton-21"
          >
            <img
              src="data-logo.svg"
              style={
                Object {
                  "margin": "0px 10px",
                  "marginLeft": 50,
                }
              }
            />
            Data
          </div>
        </div>
      </a>
    </div>
  </div>
</div>
`;
